// Jest Snapshot v1, https://goo.gl/fbAQLP

exports[`RegisteredFormDialog Test should match snapshot 1`] = `
<div
  aria-hidden="true"
/>
`;
